// Jest Snapshot v1, https://goo.gl/fbAQLP

exports[`<Header /> renders the component without errors 1`] = `
Object {
  "asFragment": [Function],
  "baseElement": <body>
    <div>
      <header
        class="header"
        data-theme="light"
      >
        <div
          class="headerinner"
          style="justify-content: flex-end;"
        >
          <div
            class="theme-mode"
          >
            <div
              class="moon-wrapper"
              data-testid="moon-wrapper"
            >
              <div
                class="svgWrapper"
              >
                <svg
                  class="svg"
                  height="20"
                  width="20"
                  xmlns="http://www.w3.org/2000/svg"
                >
                  <path
                    d="M19.513 11.397a.701.701 0 00-.588.128 7.496 7.496 0 01-2.276 1.336 7.101 7.101 0 01-2.583.462 7.505 7.505 0 01-5.32-2.209 7.568 7.568 0 01-2.199-5.342c0-.873.154-1.72.41-2.49a6.904 6.904 0 011.227-2.21.657.657 0 00-.102-.924.701.701 0 00-.589-.128C5.32.61 3.427 1.92 2.072 3.666A10.158 10.158 0 000 9.83c0 2.8 1.125 5.342 2.967 7.19a10.025 10.025 0 007.16 2.98c2.353 0 4.527-.822 6.266-2.183a10.13 10.13 0 003.58-5.624.623.623 0 00-.46-.796z"
                    fill="#3E424B"
                    fill-rule="nonzero"
                  />
                </svg>
              </div>
            </div>
            <div
              class="sun-wrapper"
              data-testid="sun-wrapper"
            >
              <div
                class="svgWrapper"
              >
                <svg
                  class="svg"
                  height="20"
                  width="20"
                  xmlns="http://www.w3.org/2000/svg"
                >
                  <g
                    fill="#27D3A5"
                    fill-rule="nonzero"
                  >
                    <path
                      d="M13.545 6.455c-.9-.9-2.17-1.481-3.545-1.481a4.934 4.934 0 00-3.545 1.481c-.9.9-1.481 2.17-1.481 3.545 0 1.376.582 2.646 1.481 3.545.9.9 2.17 1.481 3.545 1.481a4.934 4.934 0 003.545-1.481c.9-.9 1.481-2.17 1.481-3.545a4.934 4.934 0 00-1.481-3.545zM10 3.413a.7.7 0 00.688-.688V.688A.7.7 0 0010 0a.7.7 0 00-.688.688v2.037a.7.7 0 00.688.688zM15.635 5.344l1.455-1.455a.67.67 0 000-.952.67.67 0 00-.952 0l-1.455 1.455a.67.67 0 000 .952c.238.264.66.264.952 0zM19.312 9.312h-2.037a.7.7 0 00-.688.688.7.7 0 00.688.688h2.037A.7.7 0 0020 10a.7.7 0 00-.688-.688zM15.608 14.656a.67.67 0 00-.952 0 .67.67 0 000 .952l1.455 1.455a.67.67 0 00.952 0 .67.67 0 000-.952l-1.455-1.455zM10 16.587a.7.7 0 00-.688.688v2.037A.7.7 0 0010 20a.7.7 0 00.688-.688v-2.037a.7.7 0 00-.688-.688zM4.365 14.656L2.91 16.111a.67.67 0 000 .952.67.67 0 00.952 0l1.455-1.455a.67.67 0 000-.952c-.238-.264-.66-.264-.952 0zM3.413 10a.7.7 0 00-.688-.688H.688A.7.7 0 000 10a.7.7 0 00.688.688h2.037A.7.7 0 003.413 10zM4.365 5.344a.67.67 0 00.952 0 .67.67 0 000-.952L3.862 2.937a.67.67 0 00-.952 0 .67.67 0 000 .952l1.455 1.455z"
                    />
                  </g>
                </svg>
              </div>
            </div>
          </div>
        </div>
      </header>
    </div>
  </body>,
  "container": <div>
    <header
      class="header"
      data-theme="light"
    >
      <div
        class="headerinner"
        style="justify-content: flex-end;"
      >
        <div
          class="theme-mode"
        >
          <div
            class="moon-wrapper"
            data-testid="moon-wrapper"
          >
            <div
              class="svgWrapper"
            >
              <svg
                class="svg"
                height="20"
                width="20"
                xmlns="http://www.w3.org/2000/svg"
              >
                <path
                  d="M19.513 11.397a.701.701 0 00-.588.128 7.496 7.496 0 01-2.276 1.336 7.101 7.101 0 01-2.583.462 7.505 7.505 0 01-5.32-2.209 7.568 7.568 0 01-2.199-5.342c0-.873.154-1.72.41-2.49a6.904 6.904 0 011.227-2.21.657.657 0 00-.102-.924.701.701 0 00-.589-.128C5.32.61 3.427 1.92 2.072 3.666A10.158 10.158 0 000 9.83c0 2.8 1.125 5.342 2.967 7.19a10.025 10.025 0 007.16 2.98c2.353 0 4.527-.822 6.266-2.183a10.13 10.13 0 003.58-5.624.623.623 0 00-.46-.796z"
                  fill="#3E424B"
                  fill-rule="nonzero"
                />
              </svg>
            </div>
          </div>
          <div
            class="sun-wrapper"
            data-testid="sun-wrapper"
          >
            <div
              class="svgWrapper"
            >
              <svg
                class="svg"
                height="20"
                width="20"
                xmlns="http://www.w3.org/2000/svg"
              >
                <g
                  fill="#27D3A5"
                  fill-rule="nonzero"
                >
                  <path
                    d="M13.545 6.455c-.9-.9-2.17-1.481-3.545-1.481a4.934 4.934 0 00-3.545 1.481c-.9.9-1.481 2.17-1.481 3.545 0 1.376.582 2.646 1.481 3.545.9.9 2.17 1.481 3.545 1.481a4.934 4.934 0 003.545-1.481c.9-.9 1.481-2.17 1.481-3.545a4.934 4.934 0 00-1.481-3.545zM10 3.413a.7.7 0 00.688-.688V.688A.7.7 0 0010 0a.7.7 0 00-.688.688v2.037a.7.7 0 00.688.688zM15.635 5.344l1.455-1.455a.67.67 0 000-.952.67.67 0 00-.952 0l-1.455 1.455a.67.67 0 000 .952c.238.264.66.264.952 0zM19.312 9.312h-2.037a.7.7 0 00-.688.688.7.7 0 00.688.688h2.037A.7.7 0 0020 10a.7.7 0 00-.688-.688zM15.608 14.656a.67.67 0 00-.952 0 .67.67 0 000 .952l1.455 1.455a.67.67 0 00.952 0 .67.67 0 000-.952l-1.455-1.455zM10 16.587a.7.7 0 00-.688.688v2.037A.7.7 0 0010 20a.7.7 0 00.688-.688v-2.037a.7.7 0 00-.688-.688zM4.365 14.656L2.91 16.111a.67.67 0 000 .952.67.67 0 00.952 0l1.455-1.455a.67.67 0 000-.952c-.238-.264-.66-.264-.952 0zM3.413 10a.7.7 0 00-.688-.688H.688A.7.7 0 000 10a.7.7 0 00.688.688h2.037A.7.7 0 003.413 10zM4.365 5.344a.67.67 0 00.952 0 .67.67 0 000-.952L3.862 2.937a.67.67 0 00-.952 0 .67.67 0 000 .952l1.455 1.455z"
                  />
                </g>
              </svg>
            </div>
          </div>
        </div>
      </div>
    </header>
  </div>,
  "debug": [Function],
  "findAllByAltText": [Function],
  "findAllByDisplayValue": [Function],
  "findAllByLabelText": [Function],
  "findAllByPlaceholderText": [Function],
  "findAllByRole": [Function],
  "findAllByTestId": [Function],
  "findAllByText": [Function],
  "findAllByTitle": [Function],
  "findByAltText": [Function],
  "findByDisplayValue": [Function],
  "findByLabelText": [Function],
  "findByPlaceholderText": [Function],
  "findByRole": [Function],
  "findByTestId": [Function],
  "findByText": [Function],
  "findByTitle": [Function],
  "getAllByAltText": [Function],
  "getAllByDisplayValue": [Function],
  "getAllByLabelText": [Function],
  "getAllByPlaceholderText": [Function],
  "getAllByRole": [Function],
  "getAllByTestId": [Function],
  "getAllByText": [Function],
  "getAllByTitle": [Function],
  "getByAltText": [Function],
  "getByDisplayValue": [Function],
  "getByLabelText": [Function],
  "getByPlaceholderText": [Function],
  "getByRole": [Function],
  "getByTestId": [Function],
  "getByText": [Function],
  "getByTitle": [Function],
  "queryAllByAltText": [Function],
  "queryAllByDisplayValue": [Function],
  "queryAllByLabelText": [Function],
  "queryAllByPlaceholderText": [Function],
  "queryAllByRole": [Function],
  "queryAllByTestId": [Function],
  "queryAllByText": [Function],
  "queryAllByTitle": [Function],
  "queryByAltText": [Function],
  "queryByDisplayValue": [Function],
  "queryByLabelText": [Function],
  "queryByPlaceholderText": [Function],
  "queryByRole": [Function],
  "queryByTestId": [Function],
  "queryByText": [Function],
  "queryByTitle": [Function],
  "rerender": [Function],
  "unmount": [Function],
}
`;
