// Jest Snapshot v1, https://goo.gl/fbAQLP

exports[`<Pagination /> renders the component from the beginning 1`] = `
Object {
  "asFragment": [Function],
  "baseElement": <body>
    <div>
      <div
        class="pagination"
      >
        <div
          class="paginationWrapper"
        >
          <button
            class="pageItem active"
            type="button"
          >
            1
          </button>
          <button
            class="pageItem"
            type="button"
          >
            2
          </button>
          <button
            class="pageItem"
            type="button"
          >
            3
          </button>
          <div
            class="separator"
          >
            ...
          </div>
          <button
            class="pageItem false"
            type="button"
          >
            5
          </button>
          <button
            class="pageItem sides"
            type="button"
          >
            &gt;
          </button>
        </div>
      </div>
    </div>
  </body>,
  "container": <div>
    <div
      class="pagination"
    >
      <div
        class="paginationWrapper"
      >
        <button
          class="pageItem active"
          type="button"
        >
          1
        </button>
        <button
          class="pageItem"
          type="button"
        >
          2
        </button>
        <button
          class="pageItem"
          type="button"
        >
          3
        </button>
        <div
          class="separator"
        >
          ...
        </div>
        <button
          class="pageItem false"
          type="button"
        >
          5
        </button>
        <button
          class="pageItem sides"
          type="button"
        >
          &gt;
        </button>
      </div>
    </div>
  </div>,
  "debug": [Function],
  "findAllByAltText": [Function],
  "findAllByDisplayValue": [Function],
  "findAllByLabelText": [Function],
  "findAllByPlaceholderText": [Function],
  "findAllByRole": [Function],
  "findAllByTestId": [Function],
  "findAllByText": [Function],
  "findAllByTitle": [Function],
  "findByAltText": [Function],
  "findByDisplayValue": [Function],
  "findByLabelText": [Function],
  "findByPlaceholderText": [Function],
  "findByRole": [Function],
  "findByTestId": [Function],
  "findByText": [Function],
  "findByTitle": [Function],
  "getAllByAltText": [Function],
  "getAllByDisplayValue": [Function],
  "getAllByLabelText": [Function],
  "getAllByPlaceholderText": [Function],
  "getAllByRole": [Function],
  "getAllByTestId": [Function],
  "getAllByText": [Function],
  "getAllByTitle": [Function],
  "getByAltText": [Function],
  "getByDisplayValue": [Function],
  "getByLabelText": [Function],
  "getByPlaceholderText": [Function],
  "getByRole": [Function],
  "getByTestId": [Function],
  "getByText": [Function],
  "getByTitle": [Function],
  "queryAllByAltText": [Function],
  "queryAllByDisplayValue": [Function],
  "queryAllByLabelText": [Function],
  "queryAllByPlaceholderText": [Function],
  "queryAllByRole": [Function],
  "queryAllByTestId": [Function],
  "queryAllByText": [Function],
  "queryAllByTitle": [Function],
  "queryByAltText": [Function],
  "queryByDisplayValue": [Function],
  "queryByLabelText": [Function],
  "queryByPlaceholderText": [Function],
  "queryByRole": [Function],
  "queryByTestId": [Function],
  "queryByText": [Function],
  "queryByTitle": [Function],
  "rerender": [Function],
  "unmount": [Function],
}
`;
